// Jest Snapshot v1, https://goo.gl/fbAQLP

exports[`Controls should match the snapshot 1`] = `
<nav
  className="Controls"
>
  <button
    className="button"
    key="people"
    onClick={[Function]}
  >
    people
  </button>
  <button
    className="button"
    key="planets"
    onClick={[Function]}
  >
    planets
  </button>
  <button
    className="button"
    key="vehicles"
    onClick={[Function]}
  >
    vehicles
  </button>
  <button
    className="button"
    key="favorites"
    onClick={[Function]}
  >
    favorites 0
  </button>
</nav>
`;
